Archive member included to satisfy reference by file (symbol)

../../../../../libopencm3//lib/libopencm3_stm32f1.a(gpio.o)
                              demo.o (gpio_set_mode)
../../../../../libopencm3//lib/libopencm3_stm32f1.a(gpio_common_all.o)
                              demo.o (gpio_clear)
../../../../../libopencm3//lib/libopencm3_stm32f1.a(rcc.o)
                              demo.o (rcc_clock_setup_pll)
../../../../../libopencm3//lib/libopencm3_stm32f1.a(rcc_common_all.o)
                              demo.o (rcc_periph_clock_enable)
../../../../../libopencm3//lib/libopencm3_stm32f1.a(vector.o)
                              (reset_handler)
../../../../../libopencm3//lib/libopencm3_stm32f1.a(systick.o)
                              demo.o (systick_set_reload)
../../../../../libopencm3//lib/libopencm3_stm32f1.a(assert.o)
                              ../../../../../libopencm3//lib/libopencm3_stm32f1.a(rcc.o) (cm3_assert_failed)
../../../../../libopencm3//lib/libopencm3_stm32f1.a(flash_common_all.o)
                              ../../../../../libopencm3//lib/libopencm3_stm32f1.a(rcc.o) (flash_set_ws)

Discarded input sections

 .group         0x00000000        0xc demo.o
 .group         0x00000000        0xc demo.o
 .group         0x00000000        0xc demo.o
 .group         0x00000000        0xc demo.o
 .group         0x00000000        0xc demo.o
 .group         0x00000000        0xc demo.o
 .group         0x00000000        0xc demo.o
 .group         0x00000000        0xc demo.o
 .group         0x00000000        0xc demo.o
 .group         0x00000000        0xc demo.o
 .group         0x00000000        0xc demo.o
 .group         0x00000000        0xc demo.o
 .group         0x00000000        0xc demo.o
 .group         0x00000000        0xc demo.o
 .text          0x00000000        0x0 demo.o
 .data          0x00000000        0x0 demo.o
 .bss           0x00000000        0x0 demo.o
 .group         0x00000000        0xc ../../../../../libopencm3//lib/libopencm3_stm32f1.a(gpio.o)
 .group         0x00000000        0xc ../../../../../libopencm3//lib/libopencm3_stm32f1.a(gpio.o)
 .group         0x00000000        0xc ../../../../../libopencm3//lib/libopencm3_stm32f1.a(gpio.o)
 .group         0x00000000        0xc ../../../../../libopencm3//lib/libopencm3_stm32f1.a(gpio.o)
 .group         0x00000000        0xc ../../../../../libopencm3//lib/libopencm3_stm32f1.a(gpio.o)
 .group         0x00000000        0xc ../../../../../libopencm3//lib/libopencm3_stm32f1.a(gpio.o)
 .group         0x00000000        0xc ../../../../../libopencm3//lib/libopencm3_stm32f1.a(gpio.o)
 .group         0x00000000        0xc ../../../../../libopencm3//lib/libopencm3_stm32f1.a(gpio.o)
 .group         0x00000000        0xc ../../../../../libopencm3//lib/libopencm3_stm32f1.a(gpio.o)
 .text          0x00000000        0x0 ../../../../../libopencm3//lib/libopencm3_stm32f1.a(gpio.o)
 .data          0x00000000        0x0 ../../../../../libopencm3//lib/libopencm3_stm32f1.a(gpio.o)
 .bss           0x00000000        0x0 ../../../../../libopencm3//lib/libopencm3_stm32f1.a(gpio.o)
 .text.gpio_set_eventout
                0x00000000       0x10 ../../../../../libopencm3//lib/libopencm3_stm32f1.a(gpio.o)
 .text.gpio_primary_remap
                0x00000000       0x14 ../../../../../libopencm3//lib/libopencm3_stm32f1.a(gpio.o)
 .text.gpio_secondary_remap
                0x00000000       0x10 ../../../../../libopencm3//lib/libopencm3_stm32f1.a(gpio.o)
 .debug_macro   0x00000000      0xac0 ../../../../../libopencm3//lib/libopencm3_stm32f1.a(gpio.o)
 .debug_macro   0x00000000       0x1c ../../../../../libopencm3//lib/libopencm3_stm32f1.a(gpio.o)
 .debug_macro   0x00000000      0x34e ../../../../../libopencm3//lib/libopencm3_stm32f1.a(gpio.o)
 .debug_macro   0x00000000       0x22 ../../../../../libopencm3//lib/libopencm3_stm32f1.a(gpio.o)
 .debug_macro   0x00000000       0xe8 ../../../../../libopencm3//lib/libopencm3_stm32f1.a(gpio.o)
 .debug_macro   0x00000000       0x76 ../../../../../libopencm3//lib/libopencm3_stm32f1.a(gpio.o)
 .debug_macro   0x00000000      0x1b4 ../../../../../libopencm3//lib/libopencm3_stm32f1.a(gpio.o)
 .debug_macro   0x00000000       0x76 ../../../../../libopencm3//lib/libopencm3_stm32f1.a(gpio.o)
 .debug_macro   0x00000000      0xe2e ../../../../../libopencm3//lib/libopencm3_stm32f1.a(gpio.o)
 .group         0x00000000        0xc ../../../../../libopencm3//lib/libopencm3_stm32f1.a(gpio_common_all.o)
 .group         0x00000000        0xc ../../../../../libopencm3//lib/libopencm3_stm32f1.a(gpio_common_all.o)
 .group         0x00000000        0xc ../../../../../libopencm3//lib/libopencm3_stm32f1.a(gpio_common_all.o)
 .group         0x00000000        0xc ../../../../../libopencm3//lib/libopencm3_stm32f1.a(gpio_common_all.o)
 .group         0x00000000        0xc ../../../../../libopencm3//lib/libopencm3_stm32f1.a(gpio_common_all.o)
 .group         0x00000000        0xc ../../../../../libopencm3//lib/libopencm3_stm32f1.a(gpio_common_all.o)
 .group         0x00000000        0xc ../../../../../libopencm3//lib/libopencm3_stm32f1.a(gpio_common_all.o)
 .group         0x00000000        0xc ../../../../../libopencm3//lib/libopencm3_stm32f1.a(gpio_common_all.o)
 .group         0x00000000        0xc ../../../../../libopencm3//lib/libopencm3_stm32f1.a(gpio_common_all.o)
 .text          0x00000000        0x0 ../../../../../libopencm3//lib/libopencm3_stm32f1.a(gpio_common_all.o)
 .data          0x00000000        0x0 ../../../../../libopencm3//lib/libopencm3_stm32f1.a(gpio_common_all.o)
 .bss           0x00000000        0x0 ../../../../../libopencm3//lib/libopencm3_stm32f1.a(gpio_common_all.o)
 .text.gpio_set
                0x00000000        0x4 ../../../../../libopencm3//lib/libopencm3_stm32f1.a(gpio_common_all.o)
 .text.gpio_get
                0x00000000        0x6 ../../../../../libopencm3//lib/libopencm3_stm32f1.a(gpio_common_all.o)
 .text.gpio_port_read
                0x00000000        0x6 ../../../../../libopencm3//lib/libopencm3_stm32f1.a(gpio_common_all.o)
 .text.gpio_port_write
                0x00000000        0x4 ../../../../../libopencm3//lib/libopencm3_stm32f1.a(gpio_common_all.o)
 .text.gpio_port_config_lock
                0x00000000       0x10 ../../../../../libopencm3//lib/libopencm3_stm32f1.a(gpio_common_all.o)
 .debug_macro   0x00000000      0xac0 ../../../../../libopencm3//lib/libopencm3_stm32f1.a(gpio_common_all.o)
 .debug_macro   0x00000000       0x1c ../../../../../libopencm3//lib/libopencm3_stm32f1.a(gpio_common_all.o)
 .debug_macro   0x00000000      0x34e ../../../../../libopencm3//lib/libopencm3_stm32f1.a(gpio_common_all.o)
 .debug_macro   0x00000000       0x22 ../../../../../libopencm3//lib/libopencm3_stm32f1.a(gpio_common_all.o)
 .debug_macro   0x00000000       0xe8 ../../../../../libopencm3//lib/libopencm3_stm32f1.a(gpio_common_all.o)
 .debug_macro   0x00000000       0x76 ../../../../../libopencm3//lib/libopencm3_stm32f1.a(gpio_common_all.o)
 .debug_macro   0x00000000      0x1b4 ../../../../../libopencm3//lib/libopencm3_stm32f1.a(gpio_common_all.o)
 .debug_macro   0x00000000       0x76 ../../../../../libopencm3//lib/libopencm3_stm32f1.a(gpio_common_all.o)
 .debug_macro   0x00000000      0xe2e ../../../../../libopencm3//lib/libopencm3_stm32f1.a(gpio_common_all.o)
 .group         0x00000000        0xc ../../../../../libopencm3//lib/libopencm3_stm32f1.a(rcc.o)
 .group         0x00000000        0xc ../../../../../libopencm3//lib/libopencm3_stm32f1.a(rcc.o)
 .group         0x00000000        0xc ../../../../../libopencm3//lib/libopencm3_stm32f1.a(rcc.o)
 .group         0x00000000        0xc ../../../../../libopencm3//lib/libopencm3_stm32f1.a(rcc.o)
 .group         0x00000000        0xc ../../../../../libopencm3//lib/libopencm3_stm32f1.a(rcc.o)
 .group         0x00000000        0xc ../../../../../libopencm3//lib/libopencm3_stm32f1.a(rcc.o)
 .group         0x00000000        0xc ../../../../../libopencm3//lib/libopencm3_stm32f1.a(rcc.o)
 .group         0x00000000        0xc ../../../../../libopencm3//lib/libopencm3_stm32f1.a(rcc.o)
 .group         0x00000000        0xc ../../../../../libopencm3//lib/libopencm3_stm32f1.a(rcc.o)
 .group         0x00000000        0xc ../../../../../libopencm3//lib/libopencm3_stm32f1.a(rcc.o)
 .group         0x00000000        0xc ../../../../../libopencm3//lib/libopencm3_stm32f1.a(rcc.o)
 .text          0x00000000        0x0 ../../../../../libopencm3//lib/libopencm3_stm32f1.a(rcc.o)
 .data          0x00000000        0x0 ../../../../../libopencm3//lib/libopencm3_stm32f1.a(rcc.o)
 .bss           0x00000000        0x0 ../../../../../libopencm3//lib/libopencm3_stm32f1.a(rcc.o)
 .text.rcc_osc_ready_int_clear
                0x00000000       0x5c ../../../../../libopencm3//lib/libopencm3_stm32f1.a(rcc.o)
 .text.rcc_osc_ready_int_enable
                0x00000000       0x5c ../../../../../libopencm3//lib/libopencm3_stm32f1.a(rcc.o)
 .text.rcc_osc_ready_int_disable
                0x00000000       0x5c ../../../../../libopencm3//lib/libopencm3_stm32f1.a(rcc.o)
 .text.rcc_osc_ready_int_flag
                0x00000000       0x54 ../../../../../libopencm3//lib/libopencm3_stm32f1.a(rcc.o)
 .text.rcc_css_int_clear
                0x00000000       0x10 ../../../../../libopencm3//lib/libopencm3_stm32f1.a(rcc.o)
 .text.rcc_css_int_flag
                0x00000000       0x10 ../../../../../libopencm3//lib/libopencm3_stm32f1.a(rcc.o)
 .text.rcc_osc_off
                0x00000000       0x60 ../../../../../libopencm3//lib/libopencm3_stm32f1.a(rcc.o)
 .text.rcc_css_enable
                0x00000000       0x10 ../../../../../libopencm3//lib/libopencm3_stm32f1.a(rcc.o)
 .text.rcc_css_disable
                0x00000000       0x10 ../../../../../libopencm3//lib/libopencm3_stm32f1.a(rcc.o)
 .text.rcc_rtc_clock_enabled_flag
                0x00000000       0x10 ../../../../../libopencm3//lib/libopencm3_stm32f1.a(rcc.o)
 .text.rcc_enable_rtc_clock
                0x00000000       0x10 ../../../../../libopencm3//lib/libopencm3_stm32f1.a(rcc.o)
 .text.rcc_set_rtc_clock_source
                0x00000000       0x84 ../../../../../libopencm3//lib/libopencm3_stm32f1.a(rcc.o)
 .text.rcc_system_clock_source
                0x00000000       0x10 ../../../../../libopencm3//lib/libopencm3_stm32f1.a(rcc.o)
 .text.rcc_clock_setup_in_hsi_out_64mhz
                0x00000000       0x70 ../../../../../libopencm3//lib/libopencm3_stm32f1.a(rcc.o)
 .text.rcc_clock_setup_in_hsi_out_48mhz
                0x00000000       0x7c ../../../../../libopencm3//lib/libopencm3_stm32f1.a(rcc.o)
 .text.rcc_clock_setup_in_hsi_out_24mhz
                0x00000000       0x60 ../../../../../libopencm3//lib/libopencm3_stm32f1.a(rcc.o)
 .text.rcc_clock_setup_in_hse_8mhz_out_24mhz
                0x00000000       0x78 ../../../../../libopencm3//lib/libopencm3_stm32f1.a(rcc.o)
 .text.rcc_clock_setup_in_hse_8mhz_out_72mhz
                0x00000000       0x88 ../../../../../libopencm3//lib/libopencm3_stm32f1.a(rcc.o)
 .text.rcc_clock_setup_in_hse_12mhz_out_72mhz
                0x00000000       0x88 ../../../../../libopencm3//lib/libopencm3_stm32f1.a(rcc.o)
 .text.rcc_clock_setup_in_hse_16mhz_out_72mhz
                0x00000000       0x88 ../../../../../libopencm3//lib/libopencm3_stm32f1.a(rcc.o)
 .text.rcc_clock_setup_in_hse_25mhz_out_72mhz
                0x00000000       0xa8 ../../../../../libopencm3//lib/libopencm3_stm32f1.a(rcc.o)
 .text.rcc_backupdomain_reset
                0x00000000       0x18 ../../../../../libopencm3//lib/libopencm3_stm32f1.a(rcc.o)
 .text.rcc_get_usart_clk_freq
                0x00000000       0x1c ../../../../../libopencm3//lib/libopencm3_stm32f1.a(rcc.o)
 .text.rcc_get_timer_clk_freq
                0x00000000       0x34 ../../../../../libopencm3//lib/libopencm3_stm32f1.a(rcc.o)
 .text.rcc_get_i2c_clk_freq
                0x00000000        0xc ../../../../../libopencm3//lib/libopencm3_stm32f1.a(rcc.o)
 .rodata.rcc_hsi_configs
                0x00000000       0x54 ../../../../../libopencm3//lib/libopencm3_stm32f1.a(rcc.o)
 .debug_macro   0x00000000      0xac0 ../../../../../libopencm3//lib/libopencm3_stm32f1.a(rcc.o)
 .debug_macro   0x00000000       0x1c ../../../../../libopencm3//lib/libopencm3_stm32f1.a(rcc.o)
 .debug_macro   0x00000000      0x34e ../../../../../libopencm3//lib/libopencm3_stm32f1.a(rcc.o)
 .debug_macro   0x00000000       0x22 ../../../../../libopencm3//lib/libopencm3_stm32f1.a(rcc.o)
 .debug_macro   0x00000000       0xe8 ../../../../../libopencm3//lib/libopencm3_stm32f1.a(rcc.o)
 .debug_macro   0x00000000       0x76 ../../../../../libopencm3//lib/libopencm3_stm32f1.a(rcc.o)
 .debug_macro   0x00000000      0x1b4 ../../../../../libopencm3//lib/libopencm3_stm32f1.a(rcc.o)
 .debug_macro   0x00000000      0x8c6 ../../../../../libopencm3//lib/libopencm3_stm32f1.a(rcc.o)
 .group         0x00000000        0xc ../../../../../libopencm3//lib/libopencm3_stm32f1.a(rcc_common_all.o)
 .group         0x00000000        0xc ../../../../../libopencm3//lib/libopencm3_stm32f1.a(rcc_common_all.o)
 .group         0x00000000        0xc ../../../../../libopencm3//lib/libopencm3_stm32f1.a(rcc_common_all.o)
 .group         0x00000000        0xc ../../../../../libopencm3//lib/libopencm3_stm32f1.a(rcc_common_all.o)
 .group         0x00000000        0xc ../../../../../libopencm3//lib/libopencm3_stm32f1.a(rcc_common_all.o)
 .group         0x00000000        0xc ../../../../../libopencm3//lib/libopencm3_stm32f1.a(rcc_common_all.o)
 .group         0x00000000        0xc ../../../../../libopencm3//lib/libopencm3_stm32f1.a(rcc_common_all.o)
 .group         0x00000000        0xc ../../../../../libopencm3//lib/libopencm3_stm32f1.a(rcc_common_all.o)
 .text          0x00000000        0x0 ../../../../../libopencm3//lib/libopencm3_stm32f1.a(rcc_common_all.o)
 .data          0x00000000        0x0 ../../../../../libopencm3//lib/libopencm3_stm32f1.a(rcc_common_all.o)
 .bss           0x00000000        0x0 ../../../../../libopencm3//lib/libopencm3_stm32f1.a(rcc_common_all.o)
 .text.rcc_peripheral_enable_clock
                0x00000000        0x8 ../../../../../libopencm3//lib/libopencm3_stm32f1.a(rcc_common_all.o)
 .text.rcc_peripheral_disable_clock
                0x00000000        0xa ../../../../../libopencm3//lib/libopencm3_stm32f1.a(rcc_common_all.o)
 .text.rcc_peripheral_reset
                0x00000000        0x8 ../../../../../libopencm3//lib/libopencm3_stm32f1.a(rcc_common_all.o)
 .text.rcc_peripheral_clear_reset
                0x00000000        0xa ../../../../../libopencm3//lib/libopencm3_stm32f1.a(rcc_common_all.o)
 .text.rcc_periph_clock_disable
                0x00000000       0x1c ../../../../../libopencm3//lib/libopencm3_stm32f1.a(rcc_common_all.o)
 .text.rcc_periph_reset_pulse
                0x00000000       0x22 ../../../../../libopencm3//lib/libopencm3_stm32f1.a(rcc_common_all.o)
 .text.rcc_periph_reset_hold
                0x00000000        0x4 ../../../../../libopencm3//lib/libopencm3_stm32f1.a(rcc_common_all.o)
 .text.rcc_periph_reset_release
                0x00000000        0x4 ../../../../../libopencm3//lib/libopencm3_stm32f1.a(rcc_common_all.o)
 .text.rcc_set_mco
                0x00000000       0x14 ../../../../../libopencm3//lib/libopencm3_stm32f1.a(rcc_common_all.o)
 .text.rcc_osc_bypass_enable
                0x00000000       0x28 ../../../../../libopencm3//lib/libopencm3_stm32f1.a(rcc_common_all.o)
 .text.rcc_osc_bypass_disable
                0x00000000       0x28 ../../../../../libopencm3//lib/libopencm3_stm32f1.a(rcc_common_all.o)
 .text.rcc_get_div_from_hpre
                0x00000000       0x18 ../../../../../libopencm3//lib/libopencm3_stm32f1.a(rcc_common_all.o)
 .debug_macro   0x00000000      0xac0 ../../../../../libopencm3//lib/libopencm3_stm32f1.a(rcc_common_all.o)
 .debug_macro   0x00000000       0x1c ../../../../../libopencm3//lib/libopencm3_stm32f1.a(rcc_common_all.o)
 .debug_macro   0x00000000      0x34e ../../../../../libopencm3//lib/libopencm3_stm32f1.a(rcc_common_all.o)
 .debug_macro   0x00000000       0x22 ../../../../../libopencm3//lib/libopencm3_stm32f1.a(rcc_common_all.o)
 .debug_macro   0x00000000       0xe8 ../../../../../libopencm3//lib/libopencm3_stm32f1.a(rcc_common_all.o)
 .debug_macro   0x00000000       0x76 ../../../../../libopencm3//lib/libopencm3_stm32f1.a(rcc_common_all.o)
 .debug_macro   0x00000000      0x1b4 ../../../../../libopencm3//lib/libopencm3_stm32f1.a(rcc_common_all.o)
 .debug_macro   0x00000000      0x8c6 ../../../../../libopencm3//lib/libopencm3_stm32f1.a(rcc_common_all.o)
 .group         0x00000000        0xc ../../../../../libopencm3//lib/libopencm3_stm32f1.a(vector.o)
 .group         0x00000000        0xc ../../../../../libopencm3//lib/libopencm3_stm32f1.a(vector.o)
 .group         0x00000000        0xc ../../../../../libopencm3//lib/libopencm3_stm32f1.a(vector.o)
 .group         0x00000000        0xc ../../../../../libopencm3//lib/libopencm3_stm32f1.a(vector.o)
 .group         0x00000000        0xc ../../../../../libopencm3//lib/libopencm3_stm32f1.a(vector.o)
 .group         0x00000000        0xc ../../../../../libopencm3//lib/libopencm3_stm32f1.a(vector.o)
 .group         0x00000000        0xc ../../../../../libopencm3//lib/libopencm3_stm32f1.a(vector.o)
 .group         0x00000000        0xc ../../../../../libopencm3//lib/libopencm3_stm32f1.a(vector.o)
 .group         0x00000000        0xc ../../../../../libopencm3//lib/libopencm3_stm32f1.a(vector.o)
 .text          0x00000000        0x0 ../../../../../libopencm3//lib/libopencm3_stm32f1.a(vector.o)
 .data          0x00000000        0x0 ../../../../../libopencm3//lib/libopencm3_stm32f1.a(vector.o)
 .bss           0x00000000        0x0 ../../../../../libopencm3//lib/libopencm3_stm32f1.a(vector.o)
 .debug_macro   0x00000000      0xac0 ../../../../../libopencm3//lib/libopencm3_stm32f1.a(vector.o)
 .debug_macro   0x00000000       0x76 ../../../../../libopencm3//lib/libopencm3_stm32f1.a(vector.o)
 .debug_macro   0x00000000       0x1c ../../../../../libopencm3//lib/libopencm3_stm32f1.a(vector.o)
 .debug_macro   0x00000000      0x34e ../../../../../libopencm3//lib/libopencm3_stm32f1.a(vector.o)
 .debug_macro   0x00000000       0x22 ../../../../../libopencm3//lib/libopencm3_stm32f1.a(vector.o)
 .debug_macro   0x00000000       0xe8 ../../../../../libopencm3//lib/libopencm3_stm32f1.a(vector.o)
 .debug_macro   0x00000000       0x6e ../../../../../libopencm3//lib/libopencm3_stm32f1.a(vector.o)
 .debug_macro   0x00000000      0x1a2 ../../../../../libopencm3//lib/libopencm3_stm32f1.a(vector.o)
 .group         0x00000000        0xc ../../../../../libopencm3//lib/libopencm3_stm32f1.a(systick.o)
 .group         0x00000000        0xc ../../../../../libopencm3//lib/libopencm3_stm32f1.a(systick.o)
 .group         0x00000000        0xc ../../../../../libopencm3//lib/libopencm3_stm32f1.a(systick.o)
 .group         0x00000000        0xc ../../../../../libopencm3//lib/libopencm3_stm32f1.a(systick.o)
 .group         0x00000000        0xc ../../../../../libopencm3//lib/libopencm3_stm32f1.a(systick.o)
 .group         0x00000000        0xc ../../../../../libopencm3//lib/libopencm3_stm32f1.a(systick.o)
 .group         0x00000000        0xc ../../../../../libopencm3//lib/libopencm3_stm32f1.a(systick.o)
 .text          0x00000000        0x0 ../../../../../libopencm3//lib/libopencm3_stm32f1.a(systick.o)
 .data          0x00000000        0x0 ../../../../../libopencm3//lib/libopencm3_stm32f1.a(systick.o)
 .bss           0x00000000        0x0 ../../../../../libopencm3//lib/libopencm3_stm32f1.a(systick.o)
 .text.systick_get_reload
                0x00000000        0xc ../../../../../libopencm3//lib/libopencm3_stm32f1.a(systick.o)
 .text.systick_get_value
                0x00000000        0xc ../../../../../libopencm3//lib/libopencm3_stm32f1.a(systick.o)
 .text.systick_set_frequency
                0x00000000       0x38 ../../../../../libopencm3//lib/libopencm3_stm32f1.a(systick.o)
 .text.systick_interrupt_disable
                0x00000000        0xe ../../../../../libopencm3//lib/libopencm3_stm32f1.a(systick.o)
 .text.systick_counter_disable
                0x00000000        0xe ../../../../../libopencm3//lib/libopencm3_stm32f1.a(systick.o)
 .text.systick_get_countflag
                0x00000000        0xc ../../../../../libopencm3//lib/libopencm3_stm32f1.a(systick.o)
 .text.systick_clear
                0x00000000        0xa ../../../../../libopencm3//lib/libopencm3_stm32f1.a(systick.o)
 .text.systick_get_calib
                0x00000000        0xc ../../../../../libopencm3//lib/libopencm3_stm32f1.a(systick.o)
 .debug_macro   0x00000000      0xac0 ../../../../../libopencm3//lib/libopencm3_stm32f1.a(systick.o)
 .debug_macro   0x00000000       0x76 ../../../../../libopencm3//lib/libopencm3_stm32f1.a(systick.o)
 .debug_macro   0x00000000       0x1c ../../../../../libopencm3//lib/libopencm3_stm32f1.a(systick.o)
 .debug_macro   0x00000000      0x34e ../../../../../libopencm3//lib/libopencm3_stm32f1.a(systick.o)
 .debug_macro   0x00000000       0x22 ../../../../../libopencm3//lib/libopencm3_stm32f1.a(systick.o)
 .debug_macro   0x00000000       0xe8 ../../../../../libopencm3//lib/libopencm3_stm32f1.a(systick.o)
 .group         0x00000000        0xc ../../../../../libopencm3//lib/libopencm3_stm32f1.a(assert.o)
 .group         0x00000000        0xc ../../../../../libopencm3//lib/libopencm3_stm32f1.a(assert.o)
 .group         0x00000000        0xc ../../../../../libopencm3//lib/libopencm3_stm32f1.a(assert.o)
 .group         0x00000000        0xc ../../../../../libopencm3//lib/libopencm3_stm32f1.a(assert.o)
 .group         0x00000000        0xc ../../../../../libopencm3//lib/libopencm3_stm32f1.a(assert.o)
 .group         0x00000000        0xc ../../../../../libopencm3//lib/libopencm3_stm32f1.a(assert.o)
 .text          0x00000000        0x0 ../../../../../libopencm3//lib/libopencm3_stm32f1.a(assert.o)
 .data          0x00000000        0x0 ../../../../../libopencm3//lib/libopencm3_stm32f1.a(assert.o)
 .bss           0x00000000        0x0 ../../../../../libopencm3//lib/libopencm3_stm32f1.a(assert.o)
 .text.cm3_assert_failed
                0x00000000        0x2 ../../../../../libopencm3//lib/libopencm3_stm32f1.a(assert.o)
 .text.cm3_assert_failed_verbose
                0x00000000        0x6 ../../../../../libopencm3//lib/libopencm3_stm32f1.a(assert.o)
 .debug_info    0x00000000      0x101 ../../../../../libopencm3//lib/libopencm3_stm32f1.a(assert.o)
 .debug_abbrev  0x00000000       0x94 ../../../../../libopencm3//lib/libopencm3_stm32f1.a(assert.o)
 .debug_loclists
                0x00000000       0x80 ../../../../../libopencm3//lib/libopencm3_stm32f1.a(assert.o)
 .debug_aranges
                0x00000000       0x28 ../../../../../libopencm3//lib/libopencm3_stm32f1.a(assert.o)
 .debug_rnglists
                0x00000000       0x19 ../../../../../libopencm3//lib/libopencm3_stm32f1.a(assert.o)
 .debug_macro   0x00000000       0x40 ../../../../../libopencm3//lib/libopencm3_stm32f1.a(assert.o)
 .debug_macro   0x00000000      0xac0 ../../../../../libopencm3//lib/libopencm3_stm32f1.a(assert.o)
 .debug_macro   0x00000000       0x1c ../../../../../libopencm3//lib/libopencm3_stm32f1.a(assert.o)
 .debug_macro   0x00000000      0x34e ../../../../../libopencm3//lib/libopencm3_stm32f1.a(assert.o)
 .debug_macro   0x00000000       0x22 ../../../../../libopencm3//lib/libopencm3_stm32f1.a(assert.o)
 .debug_macro   0x00000000       0xe8 ../../../../../libopencm3//lib/libopencm3_stm32f1.a(assert.o)
 .debug_macro   0x00000000       0x16 ../../../../../libopencm3//lib/libopencm3_stm32f1.a(assert.o)
 .debug_line    0x00000000       0xdf ../../../../../libopencm3//lib/libopencm3_stm32f1.a(assert.o)
 .debug_str     0x00000000     0x3d79 ../../../../../libopencm3//lib/libopencm3_stm32f1.a(assert.o)
 .comment       0x00000000       0x27 ../../../../../libopencm3//lib/libopencm3_stm32f1.a(assert.o)
 .debug_frame   0x00000000       0x38 ../../../../../libopencm3//lib/libopencm3_stm32f1.a(assert.o)
 .ARM.attributes
                0x00000000       0x2d ../../../../../libopencm3//lib/libopencm3_stm32f1.a(assert.o)
 .group         0x00000000        0xc ../../../../../libopencm3//lib/libopencm3_stm32f1.a(flash_common_all.o)
 .group         0x00000000        0xc ../../../../../libopencm3//lib/libopencm3_stm32f1.a(flash_common_all.o)
 .group         0x00000000        0xc ../../../../../libopencm3//lib/libopencm3_stm32f1.a(flash_common_all.o)
 .group         0x00000000        0xc ../../../../../libopencm3//lib/libopencm3_stm32f1.a(flash_common_all.o)
 .group         0x00000000        0xc ../../../../../libopencm3//lib/libopencm3_stm32f1.a(flash_common_all.o)
 .group         0x00000000        0xc ../../../../../libopencm3//lib/libopencm3_stm32f1.a(flash_common_all.o)
 .group         0x00000000        0xc ../../../../../libopencm3//lib/libopencm3_stm32f1.a(flash_common_all.o)
 .group         0x00000000        0xc ../../../../../libopencm3//lib/libopencm3_stm32f1.a(flash_common_all.o)
 .group         0x00000000        0xc ../../../../../libopencm3//lib/libopencm3_stm32f1.a(flash_common_all.o)
 .text          0x00000000        0x0 ../../../../../libopencm3//lib/libopencm3_stm32f1.a(flash_common_all.o)
 .data          0x00000000        0x0 ../../../../../libopencm3//lib/libopencm3_stm32f1.a(flash_common_all.o)
 .bss           0x00000000        0x0 ../../../../../libopencm3//lib/libopencm3_stm32f1.a(flash_common_all.o)
 .text.flash_prefetch_enable
                0x00000000       0x10 ../../../../../libopencm3//lib/libopencm3_stm32f1.a(flash_common_all.o)
 .text.flash_prefetch_disable
                0x00000000       0x10 ../../../../../libopencm3//lib/libopencm3_stm32f1.a(flash_common_all.o)
 .text.flash_unlock_option_bytes
                0x00000000       0x18 ../../../../../libopencm3//lib/libopencm3_stm32f1.a(flash_common_all.o)
 .debug_macro   0x00000000      0xac0 ../../../../../libopencm3//lib/libopencm3_stm32f1.a(flash_common_all.o)
 .debug_macro   0x00000000       0x1c ../../../../../libopencm3//lib/libopencm3_stm32f1.a(flash_common_all.o)
 .debug_macro   0x00000000      0x34e ../../../../../libopencm3//lib/libopencm3_stm32f1.a(flash_common_all.o)
 .debug_macro   0x00000000       0x22 ../../../../../libopencm3//lib/libopencm3_stm32f1.a(flash_common_all.o)
 .debug_macro   0x00000000       0xe8 ../../../../../libopencm3//lib/libopencm3_stm32f1.a(flash_common_all.o)
 .debug_macro   0x00000000       0x76 ../../../../../libopencm3//lib/libopencm3_stm32f1.a(flash_common_all.o)
 .debug_macro   0x00000000      0x1b4 ../../../../../libopencm3//lib/libopencm3_stm32f1.a(flash_common_all.o)
 .debug_macro   0x00000000       0xee ../../../../../libopencm3//lib/libopencm3_stm32f1.a(flash_common_all.o)
 .debug_macro   0x00000000       0x82 ../../../../../libopencm3//lib/libopencm3_stm32f1.a(flash_common_all.o)

Memory Configuration

Name             Origin             Length             Attributes
rom              0x08000000         0x00020000         xr
ram              0x20000000         0x00005000         xrw
*default*        0x00000000         0xffffffff

Linker script and memory map

LOAD demo.o
LOAD ../../../../../libopencm3//lib/libopencm3_stm32f1.a
START GROUP
LOAD /usr/lib/gcc/arm-none-eabi/13.2.1/../../../arm-none-eabi/lib/thumb/v7-m/nofp/libc.a
LOAD /usr/lib/gcc/arm-none-eabi/13.2.1/thumb/v7-m/nofp/libgcc.a
LOAD /usr/lib/gcc/arm-none-eabi/13.2.1/../../../arm-none-eabi/lib/thumb/v7-m/nofp/libnosys.a
END GROUP
START GROUP
LOAD /usr/lib/gcc/arm-none-eabi/13.2.1/thumb/v7-m/nofp/libgcc.a
LOAD /usr/lib/gcc/arm-none-eabi/13.2.1/../../../arm-none-eabi/lib/thumb/v7-m/nofp/libg.a
LOAD /usr/lib/gcc/arm-none-eabi/13.2.1/../../../arm-none-eabi/lib/thumb/v7-m/nofp/libc.a
END GROUP

.text           0x08000000      0x694
 *(.vectors)
 .vectors       0x08000000      0x150 ../../../../../libopencm3//lib/libopencm3_stm32f1.a(vector.o)
                0x08000000                vector_table
 *(.text*)
 .text.sys_tick_handler
                0x08000150       0x10 demo.o
                0x08000150                sys_tick_handler
 .text.startup.main
                0x08000160       0x88 demo.o
                0x08000160                main
 .text.gpio_set_mode
                0x080001e8       0x5e ../../../../../libopencm3//lib/libopencm3_stm32f1.a(gpio.o)
                0x080001e8                gpio_set_mode
 .text.gpio_clear
                0x08000246        0x6 ../../../../../libopencm3//lib/libopencm3_stm32f1.a(gpio_common_all.o)
                0x08000246                gpio_clear
 .text.gpio_toggle
                0x0800024c       0x12 ../../../../../libopencm3//lib/libopencm3_stm32f1.a(gpio_common_all.o)
                0x0800024c                gpio_toggle
 *fill*         0x0800025e        0x2 
 .text.rcc_is_osc_ready
                0x08000260       0x58 ../../../../../libopencm3//lib/libopencm3_stm32f1.a(rcc.o)
                0x08000260                rcc_is_osc_ready
 .text.rcc_wait_for_osc_ready
                0x080002b8       0x10 ../../../../../libopencm3//lib/libopencm3_stm32f1.a(rcc.o)
                0x080002b8                rcc_wait_for_osc_ready
 .text.rcc_osc_on
                0x080002c8       0x60 ../../../../../libopencm3//lib/libopencm3_stm32f1.a(rcc.o)
                0x080002c8                rcc_osc_on
 .text.rcc_set_sysclk_source
                0x08000328       0x14 ../../../../../libopencm3//lib/libopencm3_stm32f1.a(rcc.o)
                0x08000328                rcc_set_sysclk_source
 .text.rcc_set_pll_multiplication_factor
                0x0800033c       0x14 ../../../../../libopencm3//lib/libopencm3_stm32f1.a(rcc.o)
                0x0800033c                rcc_set_pll_multiplication_factor
 .text.rcc_set_pll2_multiplication_factor
                0x08000350       0x14 ../../../../../libopencm3//lib/libopencm3_stm32f1.a(rcc.o)
                0x08000350                rcc_set_pll2_multiplication_factor
 .text.rcc_set_pll3_multiplication_factor
                0x08000364       0x14 ../../../../../libopencm3//lib/libopencm3_stm32f1.a(rcc.o)
                0x08000364                rcc_set_pll3_multiplication_factor
 .text.rcc_set_pll_source
                0x08000378       0x14 ../../../../../libopencm3//lib/libopencm3_stm32f1.a(rcc.o)
                0x08000378                rcc_set_pll_source
 .text.rcc_set_pllxtpre
                0x0800038c       0x14 ../../../../../libopencm3//lib/libopencm3_stm32f1.a(rcc.o)
                0x0800038c                rcc_set_pllxtpre
 .text.rcc_set_adcpre
                0x080003a0       0x14 ../../../../../libopencm3//lib/libopencm3_stm32f1.a(rcc.o)
                0x080003a0                rcc_set_adcpre
 .text.rcc_set_ppre2
                0x080003b4       0x14 ../../../../../libopencm3//lib/libopencm3_stm32f1.a(rcc.o)
                0x080003b4                rcc_set_ppre2
 .text.rcc_set_ppre1
                0x080003c8       0x14 ../../../../../libopencm3//lib/libopencm3_stm32f1.a(rcc.o)
                0x080003c8                rcc_set_ppre1
 .text.rcc_set_hpre
                0x080003dc       0x14 ../../../../../libopencm3//lib/libopencm3_stm32f1.a(rcc.o)
                0x080003dc                rcc_set_hpre
 .text.rcc_set_usbpre
                0x080003f0       0x18 ../../../../../libopencm3//lib/libopencm3_stm32f1.a(rcc.o)
                0x080003f0                rcc_set_usbpre
 .text.rcc_set_prediv1
                0x08000408       0x14 ../../../../../libopencm3//lib/libopencm3_stm32f1.a(rcc.o)
                0x08000408                rcc_set_prediv1
 .text.rcc_set_prediv2
                0x0800041c       0x14 ../../../../../libopencm3//lib/libopencm3_stm32f1.a(rcc.o)
                0x0800041c                rcc_set_prediv2
 .text.rcc_set_prediv1_source
                0x08000430       0x18 ../../../../../libopencm3//lib/libopencm3_stm32f1.a(rcc.o)
                0x08000430                rcc_set_prediv1_source
 .text.rcc_clock_setup_pll
                0x08000448       0xbc ../../../../../libopencm3//lib/libopencm3_stm32f1.a(rcc.o)
                0x08000448                rcc_clock_setup_pll
 .text.rcc_periph_clock_enable
                0x08000504       0x1a ../../../../../libopencm3//lib/libopencm3_stm32f1.a(rcc_common_all.o)
                0x08000504                rcc_periph_clock_enable
 .text.blocking_handler
                0x0800051e        0x2 ../../../../../libopencm3//lib/libopencm3_stm32f1.a(vector.o)
                0x0800051e                usart3_isr
                0x0800051e                rtc_isr
                0x0800051e                tim7_isr
                0x0800051e                adc1_2_isr
                0x0800051e                tim1_trg_com_isr
                0x0800051e                usb_hp_can_tx_isr
                0x0800051e                tim6_isr
                0x0800051e                usb_wakeup_isr
                0x0800051e                blocking_handler
                0x0800051e                tim5_isr
                0x0800051e                otg_fs_isr
                0x0800051e                spi1_isr
                0x0800051e                exti2_isr
                0x0800051e                dma1_channel6_isr
                0x0800051e                can_rx1_isr
                0x0800051e                dma1_channel5_isr
                0x0800051e                dma2_channel5_isr
                0x0800051e                usart1_isr
                0x0800051e                usage_fault_handler
                0x0800051e                tim8_trg_com_isr
                0x0800051e                can2_rx0_isr
                0x0800051e                tim1_brk_isr
                0x0800051e                can2_rx1_isr
                0x0800051e                tim1_cc_isr
                0x0800051e                sdio_isr
                0x0800051e                eth_isr
                0x0800051e                dma1_channel4_isr
                0x0800051e                tim8_brk_isr
                0x0800051e                dma2_channel4_5_isr
                0x0800051e                pvd_isr
                0x0800051e                rcc_isr
                0x0800051e                flash_isr
                0x0800051e                uart4_isr
                0x0800051e                rtc_alarm_isr
                0x0800051e                exti15_10_isr
                0x0800051e                hard_fault_handler
                0x0800051e                exti1_isr
                0x0800051e                i2c1_ev_isr
                0x0800051e                dma2_channel1_isr
                0x0800051e                spi2_isr
                0x0800051e                tim8_up_isr
                0x0800051e                dma2_channel2_isr
                0x0800051e                exti3_isr
                0x0800051e                adc3_isr
                0x0800051e                tim3_isr
                0x0800051e                usart2_isr
                0x0800051e                usb_lp_can_rx0_isr
                0x0800051e                i2c2_er_isr
                0x0800051e                i2c2_ev_isr
                0x0800051e                uart5_isr
                0x0800051e                fsmc_isr
                0x0800051e                dma1_channel1_isr
                0x0800051e                exti4_isr
                0x0800051e                mem_manage_handler
                0x0800051e                can2_tx_isr
                0x0800051e                exti9_5_isr
                0x0800051e                dma2_channel3_isr
                0x0800051e                dma1_channel7_isr
                0x0800051e                tim1_up_isr
                0x0800051e                can2_sce_isr
                0x0800051e                tim4_isr
                0x0800051e                dma1_channel2_isr
                0x0800051e                i2c1_er_isr
                0x0800051e                can_sce_isr
                0x0800051e                tim8_cc_isr
                0x0800051e                tamper_isr
                0x0800051e                eth_wkup_isr
                0x0800051e                bus_fault_handler
                0x0800051e                wwdg_isr
                0x0800051e                dma1_channel3_isr
                0x0800051e                spi3_isr
                0x0800051e                tim2_isr
                0x0800051e                exti0_isr
 .text.null_handler
                0x08000520        0x2 ../../../../../libopencm3//lib/libopencm3_stm32f1.a(vector.o)
                0x08000520                null_handler
                0x08000520                sv_call_handler
                0x08000520                pend_sv_handler
                0x08000520                debug_monitor_handler
                0x08000520                nmi_handler
 *fill*         0x08000522        0x2 
 .text.reset_handler
                0x08000524       0x94 ../../../../../libopencm3//lib/libopencm3_stm32f1.a(vector.o)
                0x08000524                reset_handler
 .text.systick_set_reload
                0x080005b8        0xc ../../../../../libopencm3//lib/libopencm3_stm32f1.a(systick.o)
                0x080005b8                systick_set_reload
 .text.systick_set_clocksource
                0x080005c4       0x14 ../../../../../libopencm3//lib/libopencm3_stm32f1.a(systick.o)
                0x080005c4                systick_set_clocksource
 .text.systick_interrupt_enable
                0x080005d8        0xe ../../../../../libopencm3//lib/libopencm3_stm32f1.a(systick.o)
                0x080005d8                systick_interrupt_enable
 .text.systick_counter_enable
                0x080005e6        0xe ../../../../../libopencm3//lib/libopencm3_stm32f1.a(systick.o)
                0x080005e6                systick_counter_enable
 .text.flash_set_ws
                0x080005f4       0x14 ../../../../../libopencm3//lib/libopencm3_stm32f1.a(flash_common_all.o)
                0x080005f4                flash_set_ws
                0x08000608                        . = ALIGN (0x4)
 *(.rodata*)
 .rodata.rcc_hse_configs
                0x08000608       0x8c ../../../../../libopencm3//lib/libopencm3_stm32f1.a(rcc.o)
                0x08000608                rcc_hse_configs
                0x08000694                        . = ALIGN (0x4)

.glue_7         0x08000694        0x0
 .glue_7        0x08000694        0x0 linker stubs

.glue_7t        0x08000694        0x0
 .glue_7t       0x08000694        0x0 linker stubs

.vfp11_veneer   0x08000694        0x0
 .vfp11_veneer  0x08000694        0x0 linker stubs

.v4_bx          0x08000694        0x0
 .v4_bx         0x08000694        0x0 linker stubs

.iplt           0x08000694        0x0
 .iplt          0x08000694        0x0 demo.o

.rel.dyn        0x08000694        0x0
 .rel.iplt      0x08000694        0x0 demo.o

.preinit_array  0x08000694        0x0
                0x08000694                        . = ALIGN (0x4)
                0x08000694                        __preinit_array_start = .
 *(.preinit_array)
                0x08000694                        __preinit_array_end = .

.init_array     0x08000694        0x0
                0x08000694                        . = ALIGN (0x4)
                0x08000694                        __init_array_start = .
 *(SORT_BY_NAME(.init_array.*))
 *(.init_array)
                0x08000694                        __init_array_end = .

.fini_array     0x08000694        0x0
                0x08000694                        . = ALIGN (0x4)
                0x08000694                        __fini_array_start = .
 *(.fini_array)
 *(SORT_BY_NAME(.fini_array.*))
                0x08000694                        __fini_array_end = .

.ARM.extab
 *(.ARM.extab*)

.ARM.exidx      0x08000694        0x0
                0x08000694                        __exidx_start = .
 *(.ARM.exidx*)
                0x08000694                        __exidx_end = .
                0x08000694                        . = ALIGN (0x4)
                0x08000694                        _etext = .

.noinit
 *(.noinit*)
                0x08000694                        . = ALIGN (0x4)

.data           0x20000000        0xc load address 0x08000694
                0x20000000                        _data = .
 *(.data*)
 .data.rcc_ahb_frequency
                0x20000000        0x4 ../../../../../libopencm3//lib/libopencm3_stm32f1.a(rcc.o)
                0x20000000                rcc_ahb_frequency
 .data.rcc_apb2_frequency
                0x20000004        0x4 ../../../../../libopencm3//lib/libopencm3_stm32f1.a(rcc.o)
                0x20000004                rcc_apb2_frequency
 .data.rcc_apb1_frequency
                0x20000008        0x4 ../../../../../libopencm3//lib/libopencm3_stm32f1.a(rcc.o)
                0x20000008                rcc_apb1_frequency
 *(.ramtext*)
                0x2000000c                        . = ALIGN (0x4)
                0x2000000c                        _edata = .
                0x08000694                        _data_loadaddr = LOADADDR (.data)

.igot.plt       0x2000000c        0x0 load address 0x080006a0
 .igot.plt      0x2000000c        0x0 demo.o

.bss            0x2000000c        0x4 load address 0x080006a0
 *(.bss*)
 .bss.systick   0x2000000c        0x4 demo.o
                0x2000000c                systick
 *(COMMON)
                0x20000010                        . = ALIGN (0x4)
                0x20000010                        _ebss = .

/DISCARD/
 *(.eh_frame)
                0x20000010                        . = ALIGN (0x4)
                0x20000010                        end = .
                0x20005000                        PROVIDE (_stack = (ORIGIN (ram) + LENGTH (ram)))
OUTPUT(demo.elf elf32-littlearm)
LOAD linker stubs

.debug_info     0x00000000     0x2a74
 .debug_info    0x00000000      0x5bb demo.o
 .debug_info    0x000005bb      0x1d1 ../../../../../libopencm3//lib/libopencm3_stm32f1.a(gpio.o)
 .debug_info    0x0000078c      0x23a ../../../../../libopencm3//lib/libopencm3_stm32f1.a(gpio_common_all.o)
 .debug_info    0x000009c6     0x14b6 ../../../../../libopencm3//lib/libopencm3_stm32f1.a(rcc.o)
 .debug_info    0x00001e7c      0x5e6 ../../../../../libopencm3//lib/libopencm3_stm32f1.a(rcc_common_all.o)
 .debug_info    0x00002462      0x2b8 ../../../../../libopencm3//lib/libopencm3_stm32f1.a(vector.o)
 .debug_info    0x0000271a      0x275 ../../../../../libopencm3//lib/libopencm3_stm32f1.a(systick.o)
 .debug_info    0x0000298f       0xe5 ../../../../../libopencm3//lib/libopencm3_stm32f1.a(flash_common_all.o)

.debug_abbrev   0x00000000      0xb3c
 .debug_abbrev  0x00000000      0x1df demo.o
 .debug_abbrev  0x000001df       0xd3 ../../../../../libopencm3//lib/libopencm3_stm32f1.a(gpio.o)
 .debug_abbrev  0x000002b2      0x117 ../../../../../libopencm3//lib/libopencm3_stm32f1.a(gpio_common_all.o)
 .debug_abbrev  0x000003c9      0x2bf ../../../../../libopencm3//lib/libopencm3_stm32f1.a(rcc.o)
 .debug_abbrev  0x00000688      0x186 ../../../../../libopencm3//lib/libopencm3_stm32f1.a(rcc_common_all.o)
 .debug_abbrev  0x0000080e      0x149 ../../../../../libopencm3//lib/libopencm3_stm32f1.a(vector.o)
 .debug_abbrev  0x00000957      0x14f ../../../../../libopencm3//lib/libopencm3_stm32f1.a(systick.o)
 .debug_abbrev  0x00000aa6       0x96 ../../../../../libopencm3//lib/libopencm3_stm32f1.a(flash_common_all.o)

.debug_loclists
                0x00000000      0x766
 .debug_loclists
                0x00000000       0x4a demo.o
 .debug_loclists
                0x0000004a       0xd5 ../../../../../libopencm3//lib/libopencm3_stm32f1.a(gpio.o)
 .debug_loclists
                0x0000011f       0x96 ../../../../../libopencm3//lib/libopencm3_stm32f1.a(gpio_common_all.o)
 .debug_loclists
                0x000001b5      0x2cb ../../../../../libopencm3//lib/libopencm3_stm32f1.a(rcc.o)
 .debug_loclists
                0x00000480       0x87 ../../../../../libopencm3//lib/libopencm3_stm32f1.a(rcc_common_all.o)
 .debug_loclists
                0x00000507       0xb6 ../../../../../libopencm3//lib/libopencm3_stm32f1.a(vector.o)
 .debug_loclists
                0x000005bd      0x192 ../../../../../libopencm3//lib/libopencm3_stm32f1.a(systick.o)
 .debug_loclists
                0x0000074f       0x17 ../../../../../libopencm3//lib/libopencm3_stm32f1.a(flash_common_all.o)

.debug_aranges  0x00000000      0x380
 .debug_aranges
                0x00000000       0x28 demo.o
 .debug_aranges
                0x00000028       0x38 ../../../../../libopencm3//lib/libopencm3_stm32f1.a(gpio.o)
 .debug_aranges
                0x00000060       0x50 ../../../../../libopencm3//lib/libopencm3_stm32f1.a(gpio_common_all.o)
 .debug_aranges
                0x000000b0      0x170 ../../../../../libopencm3//lib/libopencm3_stm32f1.a(rcc.o)
 .debug_aranges
                0x00000220       0x80 ../../../../../libopencm3//lib/libopencm3_stm32f1.a(rcc_common_all.o)
 .debug_aranges
                0x000002a0       0x30 ../../../../../libopencm3//lib/libopencm3_stm32f1.a(vector.o)
 .debug_aranges
                0x000002d0       0x78 ../../../../../libopencm3//lib/libopencm3_stm32f1.a(systick.o)
 .debug_aranges
                0x00000348       0x38 ../../../../../libopencm3//lib/libopencm3_stm32f1.a(flash_common_all.o)

.debug_rnglists
                0x00000000      0x2e3
 .debug_rnglists
                0x00000000       0x26 demo.o
 .debug_rnglists
                0x00000026       0x25 ../../../../../libopencm3//lib/libopencm3_stm32f1.a(gpio.o)
 .debug_rnglists
                0x0000004b       0x37 ../../../../../libopencm3//lib/libopencm3_stm32f1.a(gpio_common_all.o)
 .debug_rnglists
                0x00000082      0x160 ../../../../../libopencm3//lib/libopencm3_stm32f1.a(rcc.o)
 .debug_rnglists
                0x000001e2       0x5b ../../../../../libopencm3//lib/libopencm3_stm32f1.a(rcc_common_all.o)
 .debug_rnglists
                0x0000023d       0x20 ../../../../../libopencm3//lib/libopencm3_stm32f1.a(vector.o)
 .debug_rnglists
                0x0000025d       0x61 ../../../../../libopencm3//lib/libopencm3_stm32f1.a(systick.o)
 .debug_rnglists
                0x000002be       0x25 ../../../../../libopencm3//lib/libopencm3_stm32f1.a(flash_common_all.o)

.debug_macro    0x00000000     0x39cf
 .debug_macro   0x00000000       0xc8 demo.o
 .debug_macro   0x000000c8      0xac0 demo.o
 .debug_macro   0x00000b88       0x1c demo.o
 .debug_macro   0x00000ba4      0x34e demo.o
 .debug_macro   0x00000ef2       0x22 demo.o
 .debug_macro   0x00000f14       0xe8 demo.o
 .debug_macro   0x00000ffc       0x76 demo.o
 .debug_macro   0x00001072      0x1b4 demo.o
 .debug_macro   0x00001226      0x8c6 demo.o
 .debug_macro   0x00001aec       0x76 demo.o
 .debug_macro   0x00001b62      0xe2e demo.o
 .debug_macro   0x00002990      0x4f5 demo.o
 .debug_macro   0x00002e85       0x6e demo.o
 .debug_macro   0x00002ef3      0x1a2 demo.o
 .debug_macro   0x00003095       0x6f demo.o
 .debug_macro   0x00003104       0x6f ../../../../../libopencm3//lib/libopencm3_stm32f1.a(gpio.o)
 .debug_macro   0x00003173       0x6f ../../../../../libopencm3//lib/libopencm3_stm32f1.a(gpio_common_all.o)
 .debug_macro   0x000031e2       0x9e ../../../../../libopencm3//lib/libopencm3_stm32f1.a(rcc.o)
 .debug_macro   0x00003280       0x16 ../../../../../libopencm3//lib/libopencm3_stm32f1.a(rcc.o)
 .debug_macro   0x00003296       0xee ../../../../../libopencm3//lib/libopencm3_stm32f1.a(rcc.o)
 .debug_macro   0x00003384       0x82 ../../../../../libopencm3//lib/libopencm3_stm32f1.a(rcc.o)
 .debug_macro   0x00003406       0x85 ../../../../../libopencm3//lib/libopencm3_stm32f1.a(rcc_common_all.o)
 .debug_macro   0x0000348b       0x86 ../../../../../libopencm3//lib/libopencm3_stm32f1.a(vector.o)
 .debug_macro   0x00003511      0x395 ../../../../../libopencm3//lib/libopencm3_stm32f1.a(vector.o)
 .debug_macro   0x000038a6       0x49 ../../../../../libopencm3//lib/libopencm3_stm32f1.a(systick.o)
 .debug_macro   0x000038ef       0x69 ../../../../../libopencm3//lib/libopencm3_stm32f1.a(systick.o)
 .debug_macro   0x00003958       0x77 ../../../../../libopencm3//lib/libopencm3_stm32f1.a(flash_common_all.o)

.debug_line     0x00000000     0x1e81
 .debug_line    0x00000000      0x2df demo.o
 .debug_line    0x000002df      0x293 ../../../../../libopencm3//lib/libopencm3_stm32f1.a(gpio.o)
 .debug_line    0x00000572      0x27b ../../../../../libopencm3//lib/libopencm3_stm32f1.a(gpio_common_all.o)
 .debug_line    0x000007ed      0xc28 ../../../../../libopencm3//lib/libopencm3_stm32f1.a(rcc.o)
 .debug_line    0x00001415      0x322 ../../../../../libopencm3//lib/libopencm3_stm32f1.a(rcc_common_all.o)
 .debug_line    0x00001737      0x2ad ../../../../../libopencm3//lib/libopencm3_stm32f1.a(vector.o)
 .debug_line    0x000019e4      0x271 ../../../../../libopencm3//lib/libopencm3_stm32f1.a(systick.o)
 .debug_line    0x00001c55      0x22c ../../../../../libopencm3//lib/libopencm3_stm32f1.a(flash_common_all.o)

.debug_str      0x00000000    0x10178
 .debug_str     0x00000000    0x10178 demo.o
                               0xd333 (size before relaxing)
 .debug_str     0x00010178     0x82b6 ../../../../../libopencm3//lib/libopencm3_stm32f1.a(gpio.o)
 .debug_str     0x00010178     0x82b4 ../../../../../libopencm3//lib/libopencm3_stm32f1.a(gpio_common_all.o)
 .debug_str     0x00010178     0x7f16 ../../../../../libopencm3//lib/libopencm3_stm32f1.a(rcc.o)
 .debug_str     0x00010178     0x7619 ../../../../../libopencm3//lib/libopencm3_stm32f1.a(rcc_common_all.o)
 .debug_str     0x00010178     0x6305 ../../../../../libopencm3//lib/libopencm3_stm32f1.a(vector.o)
 .debug_str     0x00010178     0x41d6 ../../../../../libopencm3//lib/libopencm3_stm32f1.a(systick.o)
 .debug_str     0x00010178     0x5204 ../../../../../libopencm3//lib/libopencm3_stm32f1.a(flash_common_all.o)

.comment        0x00000000       0x26
 .comment       0x00000000       0x26 demo.o
                                 0x27 (size before relaxing)
 .comment       0x00000026       0x27 ../../../../../libopencm3//lib/libopencm3_stm32f1.a(gpio.o)
 .comment       0x00000026       0x27 ../../../../../libopencm3//lib/libopencm3_stm32f1.a(gpio_common_all.o)
 .comment       0x00000026       0x27 ../../../../../libopencm3//lib/libopencm3_stm32f1.a(rcc.o)
 .comment       0x00000026       0x27 ../../../../../libopencm3//lib/libopencm3_stm32f1.a(rcc_common_all.o)
 .comment       0x00000026       0x27 ../../../../../libopencm3//lib/libopencm3_stm32f1.a(vector.o)
 .comment       0x00000026       0x27 ../../../../../libopencm3//lib/libopencm3_stm32f1.a(systick.o)
 .comment       0x00000026       0x27 ../../../../../libopencm3//lib/libopencm3_stm32f1.a(flash_common_all.o)

.ARM.attributes
                0x00000000       0x2d
 .ARM.attributes
                0x00000000       0x2d demo.o
 .ARM.attributes
                0x0000002d       0x2d ../../../../../libopencm3//lib/libopencm3_stm32f1.a(gpio.o)
 .ARM.attributes
                0x0000005a       0x2d ../../../../../libopencm3//lib/libopencm3_stm32f1.a(gpio_common_all.o)
 .ARM.attributes
                0x00000087       0x2d ../../../../../libopencm3//lib/libopencm3_stm32f1.a(rcc.o)
 .ARM.attributes
                0x000000b4       0x2d ../../../../../libopencm3//lib/libopencm3_stm32f1.a(rcc_common_all.o)
 .ARM.attributes
                0x000000e1       0x2d ../../../../../libopencm3//lib/libopencm3_stm32f1.a(vector.o)
 .ARM.attributes
                0x0000010e       0x2d ../../../../../libopencm3//lib/libopencm3_stm32f1.a(systick.o)
 .ARM.attributes
                0x0000013b       0x2d ../../../../../libopencm3//lib/libopencm3_stm32f1.a(flash_common_all.o)

.debug_frame    0x00000000      0x688
 .debug_frame   0x00000000       0x3c demo.o
 .debug_frame   0x0000003c       0x60 ../../../../../libopencm3//lib/libopencm3_stm32f1.a(gpio.o)
 .debug_frame   0x0000009c       0x80 ../../../../../libopencm3//lib/libopencm3_stm32f1.a(gpio_common_all.o)
 .debug_frame   0x0000011c      0x318 ../../../../../libopencm3//lib/libopencm3_stm32f1.a(rcc.o)
 .debug_frame   0x00000434       0xe0 ../../../../../libopencm3//lib/libopencm3_stm32f1.a(rcc_common_all.o)
 .debug_frame   0x00000514       0x4c ../../../../../libopencm3//lib/libopencm3_stm32f1.a(vector.o)
 .debug_frame   0x00000560       0xd8 ../../../../../libopencm3//lib/libopencm3_stm32f1.a(systick.o)
 .debug_frame   0x00000638       0x50 ../../../../../libopencm3//lib/libopencm3_stm32f1.a(flash_common_all.o)

Cross Reference Table

Symbol                                            File
__fini_array_end                                  ../../../../../libopencm3//lib/libopencm3_stm32f1.a(vector.o)
__fini_array_start                                ../../../../../libopencm3//lib/libopencm3_stm32f1.a(vector.o)
__init_array_end                                  ../../../../../libopencm3//lib/libopencm3_stm32f1.a(vector.o)
__init_array_start                                ../../../../../libopencm3//lib/libopencm3_stm32f1.a(vector.o)
__preinit_array_end                               ../../../../../libopencm3//lib/libopencm3_stm32f1.a(vector.o)
__preinit_array_start                             ../../../../../libopencm3//lib/libopencm3_stm32f1.a(vector.o)
_data                                             ../../../../../libopencm3//lib/libopencm3_stm32f1.a(vector.o)
_data_loadaddr                                    ../../../../../libopencm3//lib/libopencm3_stm32f1.a(vector.o)
_ebss                                             ../../../../../libopencm3//lib/libopencm3_stm32f1.a(vector.o)
_edata                                            ../../../../../libopencm3//lib/libopencm3_stm32f1.a(vector.o)
_stack                                            ../../../../../libopencm3//lib/libopencm3_stm32f1.a(vector.o)
adc1_2_isr                                        ../../../../../libopencm3//lib/libopencm3_stm32f1.a(vector.o)
adc3_isr                                          ../../../../../libopencm3//lib/libopencm3_stm32f1.a(vector.o)
blocking_handler                                  ../../../../../libopencm3//lib/libopencm3_stm32f1.a(vector.o)
bus_fault_handler                                 ../../../../../libopencm3//lib/libopencm3_stm32f1.a(vector.o)
can2_rx0_isr                                      ../../../../../libopencm3//lib/libopencm3_stm32f1.a(vector.o)
can2_rx1_isr                                      ../../../../../libopencm3//lib/libopencm3_stm32f1.a(vector.o)
can2_sce_isr                                      ../../../../../libopencm3//lib/libopencm3_stm32f1.a(vector.o)
can2_tx_isr                                       ../../../../../libopencm3//lib/libopencm3_stm32f1.a(vector.o)
can_rx1_isr                                       ../../../../../libopencm3//lib/libopencm3_stm32f1.a(vector.o)
can_sce_isr                                       ../../../../../libopencm3//lib/libopencm3_stm32f1.a(vector.o)
cm3_assert_failed                                 ../../../../../libopencm3//lib/libopencm3_stm32f1.a(assert.o)
                                                  ../../../../../libopencm3//lib/libopencm3_stm32f1.a(rcc.o)
cm3_assert_failed_verbose                         ../../../../../libopencm3//lib/libopencm3_stm32f1.a(assert.o)
debug_monitor_handler                             ../../../../../libopencm3//lib/libopencm3_stm32f1.a(vector.o)
dma1_channel1_isr                                 ../../../../../libopencm3//lib/libopencm3_stm32f1.a(vector.o)
dma1_channel2_isr                                 ../../../../../libopencm3//lib/libopencm3_stm32f1.a(vector.o)
dma1_channel3_isr                                 ../../../../../libopencm3//lib/libopencm3_stm32f1.a(vector.o)
dma1_channel4_isr                                 ../../../../../libopencm3//lib/libopencm3_stm32f1.a(vector.o)
dma1_channel5_isr                                 ../../../../../libopencm3//lib/libopencm3_stm32f1.a(vector.o)
dma1_channel6_isr                                 ../../../../../libopencm3//lib/libopencm3_stm32f1.a(vector.o)
dma1_channel7_isr                                 ../../../../../libopencm3//lib/libopencm3_stm32f1.a(vector.o)
dma2_channel1_isr                                 ../../../../../libopencm3//lib/libopencm3_stm32f1.a(vector.o)
dma2_channel2_isr                                 ../../../../../libopencm3//lib/libopencm3_stm32f1.a(vector.o)
dma2_channel3_isr                                 ../../../../../libopencm3//lib/libopencm3_stm32f1.a(vector.o)
dma2_channel4_5_isr                               ../../../../../libopencm3//lib/libopencm3_stm32f1.a(vector.o)
dma2_channel5_isr                                 ../../../../../libopencm3//lib/libopencm3_stm32f1.a(vector.o)
eth_isr                                           ../../../../../libopencm3//lib/libopencm3_stm32f1.a(vector.o)
eth_wkup_isr                                      ../../../../../libopencm3//lib/libopencm3_stm32f1.a(vector.o)
exti0_isr                                         ../../../../../libopencm3//lib/libopencm3_stm32f1.a(vector.o)
exti15_10_isr                                     ../../../../../libopencm3//lib/libopencm3_stm32f1.a(vector.o)
exti1_isr                                         ../../../../../libopencm3//lib/libopencm3_stm32f1.a(vector.o)
exti2_isr                                         ../../../../../libopencm3//lib/libopencm3_stm32f1.a(vector.o)
exti3_isr                                         ../../../../../libopencm3//lib/libopencm3_stm32f1.a(vector.o)
exti4_isr                                         ../../../../../libopencm3//lib/libopencm3_stm32f1.a(vector.o)
exti9_5_isr                                       ../../../../../libopencm3//lib/libopencm3_stm32f1.a(vector.o)
flash_isr                                         ../../../../../libopencm3//lib/libopencm3_stm32f1.a(vector.o)
flash_prefetch_disable                            ../../../../../libopencm3//lib/libopencm3_stm32f1.a(flash_common_all.o)
flash_prefetch_enable                             ../../../../../libopencm3//lib/libopencm3_stm32f1.a(flash_common_all.o)
flash_set_ws                                      ../../../../../libopencm3//lib/libopencm3_stm32f1.a(flash_common_all.o)
                                                  ../../../../../libopencm3//lib/libopencm3_stm32f1.a(rcc.o)
flash_unlock_option_bytes                         ../../../../../libopencm3//lib/libopencm3_stm32f1.a(flash_common_all.o)
fsmc_isr                                          ../../../../../libopencm3//lib/libopencm3_stm32f1.a(vector.o)
gpio_clear                                        ../../../../../libopencm3//lib/libopencm3_stm32f1.a(gpio_common_all.o)
                                                  demo.o
gpio_get                                          ../../../../../libopencm3//lib/libopencm3_stm32f1.a(gpio_common_all.o)
gpio_port_config_lock                             ../../../../../libopencm3//lib/libopencm3_stm32f1.a(gpio_common_all.o)
gpio_port_read                                    ../../../../../libopencm3//lib/libopencm3_stm32f1.a(gpio_common_all.o)
gpio_port_write                                   ../../../../../libopencm3//lib/libopencm3_stm32f1.a(gpio_common_all.o)
gpio_primary_remap                                ../../../../../libopencm3//lib/libopencm3_stm32f1.a(gpio.o)
gpio_secondary_remap                              ../../../../../libopencm3//lib/libopencm3_stm32f1.a(gpio.o)
gpio_set                                          ../../../../../libopencm3//lib/libopencm3_stm32f1.a(gpio_common_all.o)
gpio_set_eventout                                 ../../../../../libopencm3//lib/libopencm3_stm32f1.a(gpio.o)
gpio_set_mode                                     ../../../../../libopencm3//lib/libopencm3_stm32f1.a(gpio.o)
                                                  demo.o
gpio_toggle                                       ../../../../../libopencm3//lib/libopencm3_stm32f1.a(gpio_common_all.o)
                                                  demo.o
hard_fault_handler                                ../../../../../libopencm3//lib/libopencm3_stm32f1.a(vector.o)
i2c1_er_isr                                       ../../../../../libopencm3//lib/libopencm3_stm32f1.a(vector.o)
i2c1_ev_isr                                       ../../../../../libopencm3//lib/libopencm3_stm32f1.a(vector.o)
i2c2_er_isr                                       ../../../../../libopencm3//lib/libopencm3_stm32f1.a(vector.o)
i2c2_ev_isr                                       ../../../../../libopencm3//lib/libopencm3_stm32f1.a(vector.o)
main                                              demo.o
                                                  ../../../../../libopencm3//lib/libopencm3_stm32f1.a(vector.o)
mem_manage_handler                                ../../../../../libopencm3//lib/libopencm3_stm32f1.a(vector.o)
nmi_handler                                       ../../../../../libopencm3//lib/libopencm3_stm32f1.a(vector.o)
null_handler                                      ../../../../../libopencm3//lib/libopencm3_stm32f1.a(vector.o)
otg_fs_isr                                        ../../../../../libopencm3//lib/libopencm3_stm32f1.a(vector.o)
pend_sv_handler                                   ../../../../../libopencm3//lib/libopencm3_stm32f1.a(vector.o)
pvd_isr                                           ../../../../../libopencm3//lib/libopencm3_stm32f1.a(vector.o)
rcc_ahb_frequency                                 ../../../../../libopencm3//lib/libopencm3_stm32f1.a(rcc.o)
rcc_apb1_frequency                                ../../../../../libopencm3//lib/libopencm3_stm32f1.a(rcc.o)
rcc_apb2_frequency                                ../../../../../libopencm3//lib/libopencm3_stm32f1.a(rcc.o)
rcc_backupdomain_reset                            ../../../../../libopencm3//lib/libopencm3_stm32f1.a(rcc.o)
rcc_clock_setup_in_hse_12mhz_out_72mhz            ../../../../../libopencm3//lib/libopencm3_stm32f1.a(rcc.o)
rcc_clock_setup_in_hse_16mhz_out_72mhz            ../../../../../libopencm3//lib/libopencm3_stm32f1.a(rcc.o)
rcc_clock_setup_in_hse_25mhz_out_72mhz            ../../../../../libopencm3//lib/libopencm3_stm32f1.a(rcc.o)
rcc_clock_setup_in_hse_8mhz_out_24mhz             ../../../../../libopencm3//lib/libopencm3_stm32f1.a(rcc.o)
rcc_clock_setup_in_hse_8mhz_out_72mhz             ../../../../../libopencm3//lib/libopencm3_stm32f1.a(rcc.o)
rcc_clock_setup_in_hsi_out_24mhz                  ../../../../../libopencm3//lib/libopencm3_stm32f1.a(rcc.o)
rcc_clock_setup_in_hsi_out_48mhz                  ../../../../../libopencm3//lib/libopencm3_stm32f1.a(rcc.o)
rcc_clock_setup_in_hsi_out_64mhz                  ../../../../../libopencm3//lib/libopencm3_stm32f1.a(rcc.o)
rcc_clock_setup_pll                               ../../../../../libopencm3//lib/libopencm3_stm32f1.a(rcc.o)
                                                  demo.o
rcc_css_disable                                   ../../../../../libopencm3//lib/libopencm3_stm32f1.a(rcc.o)
rcc_css_enable                                    ../../../../../libopencm3//lib/libopencm3_stm32f1.a(rcc.o)
rcc_css_int_clear                                 ../../../../../libopencm3//lib/libopencm3_stm32f1.a(rcc.o)
rcc_css_int_flag                                  ../../../../../libopencm3//lib/libopencm3_stm32f1.a(rcc.o)
rcc_enable_rtc_clock                              ../../../../../libopencm3//lib/libopencm3_stm32f1.a(rcc.o)
rcc_get_div_from_hpre                             ../../../../../libopencm3//lib/libopencm3_stm32f1.a(rcc_common_all.o)
rcc_get_i2c_clk_freq                              ../../../../../libopencm3//lib/libopencm3_stm32f1.a(rcc.o)
rcc_get_timer_clk_freq                            ../../../../../libopencm3//lib/libopencm3_stm32f1.a(rcc.o)
rcc_get_usart_clk_freq                            ../../../../../libopencm3//lib/libopencm3_stm32f1.a(rcc.o)
rcc_hse_configs                                   ../../../../../libopencm3//lib/libopencm3_stm32f1.a(rcc.o)
                                                  demo.o
rcc_hsi_configs                                   ../../../../../libopencm3//lib/libopencm3_stm32f1.a(rcc.o)
rcc_is_osc_ready                                  ../../../../../libopencm3//lib/libopencm3_stm32f1.a(rcc.o)
rcc_isr                                           ../../../../../libopencm3//lib/libopencm3_stm32f1.a(vector.o)
rcc_osc_bypass_disable                            ../../../../../libopencm3//lib/libopencm3_stm32f1.a(rcc_common_all.o)
rcc_osc_bypass_enable                             ../../../../../libopencm3//lib/libopencm3_stm32f1.a(rcc_common_all.o)
rcc_osc_off                                       ../../../../../libopencm3//lib/libopencm3_stm32f1.a(rcc.o)
rcc_osc_on                                        ../../../../../libopencm3//lib/libopencm3_stm32f1.a(rcc.o)
rcc_osc_ready_int_clear                           ../../../../../libopencm3//lib/libopencm3_stm32f1.a(rcc.o)
rcc_osc_ready_int_disable                         ../../../../../libopencm3//lib/libopencm3_stm32f1.a(rcc.o)
rcc_osc_ready_int_enable                          ../../../../../libopencm3//lib/libopencm3_stm32f1.a(rcc.o)
rcc_osc_ready_int_flag                            ../../../../../libopencm3//lib/libopencm3_stm32f1.a(rcc.o)
rcc_periph_clock_disable                          ../../../../../libopencm3//lib/libopencm3_stm32f1.a(rcc_common_all.o)
rcc_periph_clock_enable                           ../../../../../libopencm3//lib/libopencm3_stm32f1.a(rcc_common_all.o)
                                                  demo.o
rcc_periph_reset_hold                             ../../../../../libopencm3//lib/libopencm3_stm32f1.a(rcc_common_all.o)
rcc_periph_reset_pulse                            ../../../../../libopencm3//lib/libopencm3_stm32f1.a(rcc_common_all.o)
rcc_periph_reset_release                          ../../../../../libopencm3//lib/libopencm3_stm32f1.a(rcc_common_all.o)
rcc_peripheral_clear_reset                        ../../../../../libopencm3//lib/libopencm3_stm32f1.a(rcc_common_all.o)
rcc_peripheral_disable_clock                      ../../../../../libopencm3//lib/libopencm3_stm32f1.a(rcc_common_all.o)
rcc_peripheral_enable_clock                       ../../../../../libopencm3//lib/libopencm3_stm32f1.a(rcc_common_all.o)
rcc_peripheral_reset                              ../../../../../libopencm3//lib/libopencm3_stm32f1.a(rcc_common_all.o)
rcc_rtc_clock_enabled_flag                        ../../../../../libopencm3//lib/libopencm3_stm32f1.a(rcc.o)
rcc_set_adcpre                                    ../../../../../libopencm3//lib/libopencm3_stm32f1.a(rcc.o)
rcc_set_hpre                                      ../../../../../libopencm3//lib/libopencm3_stm32f1.a(rcc.o)
rcc_set_mco                                       ../../../../../libopencm3//lib/libopencm3_stm32f1.a(rcc_common_all.o)
rcc_set_pll2_multiplication_factor                ../../../../../libopencm3//lib/libopencm3_stm32f1.a(rcc.o)
rcc_set_pll3_multiplication_factor                ../../../../../libopencm3//lib/libopencm3_stm32f1.a(rcc.o)
rcc_set_pll_multiplication_factor                 ../../../../../libopencm3//lib/libopencm3_stm32f1.a(rcc.o)
rcc_set_pll_source                                ../../../../../libopencm3//lib/libopencm3_stm32f1.a(rcc.o)
rcc_set_pllxtpre                                  ../../../../../libopencm3//lib/libopencm3_stm32f1.a(rcc.o)
rcc_set_ppre1                                     ../../../../../libopencm3//lib/libopencm3_stm32f1.a(rcc.o)
rcc_set_ppre2                                     ../../../../../libopencm3//lib/libopencm3_stm32f1.a(rcc.o)
rcc_set_prediv1                                   ../../../../../libopencm3//lib/libopencm3_stm32f1.a(rcc.o)
rcc_set_prediv1_source                            ../../../../../libopencm3//lib/libopencm3_stm32f1.a(rcc.o)
rcc_set_prediv2                                   ../../../../../libopencm3//lib/libopencm3_stm32f1.a(rcc.o)
rcc_set_rtc_clock_source                          ../../../../../libopencm3//lib/libopencm3_stm32f1.a(rcc.o)
rcc_set_sysclk_source                             ../../../../../libopencm3//lib/libopencm3_stm32f1.a(rcc.o)
rcc_set_usbpre                                    ../../../../../libopencm3//lib/libopencm3_stm32f1.a(rcc.o)
rcc_system_clock_source                           ../../../../../libopencm3//lib/libopencm3_stm32f1.a(rcc.o)
rcc_wait_for_osc_ready                            ../../../../../libopencm3//lib/libopencm3_stm32f1.a(rcc.o)
reset_handler                                     ../../../../../libopencm3//lib/libopencm3_stm32f1.a(vector.o)
rtc_alarm_isr                                     ../../../../../libopencm3//lib/libopencm3_stm32f1.a(vector.o)
rtc_isr                                           ../../../../../libopencm3//lib/libopencm3_stm32f1.a(vector.o)
sdio_isr                                          ../../../../../libopencm3//lib/libopencm3_stm32f1.a(vector.o)
spi1_isr                                          ../../../../../libopencm3//lib/libopencm3_stm32f1.a(vector.o)
spi2_isr                                          ../../../../../libopencm3//lib/libopencm3_stm32f1.a(vector.o)
spi3_isr                                          ../../../../../libopencm3//lib/libopencm3_stm32f1.a(vector.o)
sv_call_handler                                   ../../../../../libopencm3//lib/libopencm3_stm32f1.a(vector.o)
sys_tick_handler                                  demo.o
systick                                           demo.o
systick_clear                                     ../../../../../libopencm3//lib/libopencm3_stm32f1.a(systick.o)
systick_counter_disable                           ../../../../../libopencm3//lib/libopencm3_stm32f1.a(systick.o)
systick_counter_enable                            ../../../../../libopencm3//lib/libopencm3_stm32f1.a(systick.o)
                                                  demo.o
systick_get_calib                                 ../../../../../libopencm3//lib/libopencm3_stm32f1.a(systick.o)
systick_get_countflag                             ../../../../../libopencm3//lib/libopencm3_stm32f1.a(systick.o)
systick_get_reload                                ../../../../../libopencm3//lib/libopencm3_stm32f1.a(systick.o)
systick_get_value                                 ../../../../../libopencm3//lib/libopencm3_stm32f1.a(systick.o)
systick_interrupt_disable                         ../../../../../libopencm3//lib/libopencm3_stm32f1.a(systick.o)
systick_interrupt_enable                          ../../../../../libopencm3//lib/libopencm3_stm32f1.a(systick.o)
                                                  demo.o
systick_set_clocksource                           ../../../../../libopencm3//lib/libopencm3_stm32f1.a(systick.o)
                                                  demo.o
systick_set_frequency                             ../../../../../libopencm3//lib/libopencm3_stm32f1.a(systick.o)
systick_set_reload                                ../../../../../libopencm3//lib/libopencm3_stm32f1.a(systick.o)
                                                  demo.o
tamper_isr                                        ../../../../../libopencm3//lib/libopencm3_stm32f1.a(vector.o)
tim1_brk_isr                                      ../../../../../libopencm3//lib/libopencm3_stm32f1.a(vector.o)
tim1_cc_isr                                       ../../../../../libopencm3//lib/libopencm3_stm32f1.a(vector.o)
tim1_trg_com_isr                                  ../../../../../libopencm3//lib/libopencm3_stm32f1.a(vector.o)
tim1_up_isr                                       ../../../../../libopencm3//lib/libopencm3_stm32f1.a(vector.o)
tim2_isr                                          ../../../../../libopencm3//lib/libopencm3_stm32f1.a(vector.o)
tim3_isr                                          ../../../../../libopencm3//lib/libopencm3_stm32f1.a(vector.o)
tim4_isr                                          ../../../../../libopencm3//lib/libopencm3_stm32f1.a(vector.o)
tim5_isr                                          ../../../../../libopencm3//lib/libopencm3_stm32f1.a(vector.o)
tim6_isr                                          ../../../../../libopencm3//lib/libopencm3_stm32f1.a(vector.o)
tim7_isr                                          ../../../../../libopencm3//lib/libopencm3_stm32f1.a(vector.o)
tim8_brk_isr                                      ../../../../../libopencm3//lib/libopencm3_stm32f1.a(vector.o)
tim8_cc_isr                                       ../../../../../libopencm3//lib/libopencm3_stm32f1.a(vector.o)
tim8_trg_com_isr                                  ../../../../../libopencm3//lib/libopencm3_stm32f1.a(vector.o)
tim8_up_isr                                       ../../../../../libopencm3//lib/libopencm3_stm32f1.a(vector.o)
uart4_isr                                         ../../../../../libopencm3//lib/libopencm3_stm32f1.a(vector.o)
uart5_isr                                         ../../../../../libopencm3//lib/libopencm3_stm32f1.a(vector.o)
usage_fault_handler                               ../../../../../libopencm3//lib/libopencm3_stm32f1.a(vector.o)
usart1_isr                                        ../../../../../libopencm3//lib/libopencm3_stm32f1.a(vector.o)
usart2_isr                                        ../../../../../libopencm3//lib/libopencm3_stm32f1.a(vector.o)
usart3_isr                                        ../../../../../libopencm3//lib/libopencm3_stm32f1.a(vector.o)
usb_hp_can_tx_isr                                 ../../../../../libopencm3//lib/libopencm3_stm32f1.a(vector.o)
usb_lp_can_rx0_isr                                ../../../../../libopencm3//lib/libopencm3_stm32f1.a(vector.o)
usb_wakeup_isr                                    ../../../../../libopencm3//lib/libopencm3_stm32f1.a(vector.o)
vector_table                                      ../../../../../libopencm3//lib/libopencm3_stm32f1.a(vector.o)
wwdg_isr                                          ../../../../../libopencm3//lib/libopencm3_stm32f1.a(vector.o)
